[9/11/2026 7:01:46 AM] Starting in C:\Games\FOnlineServer\foclassic7\Tools\WorldEditor
[9/11/2026 7:01:46 AM] Loading config
[9/11/2026 7:01:46 AM]    OS version: Microsoft Windows NT 6.2.9200.0 64-bit
   .NET CLR version: 4.0.30319.42000
   .NET installed versions:
       2.0 (SP 2) - 2.0.50727.4927
       3.0 (SP 2) - 3.0.30729.4926
       3.5 (SP 1) - 3.5.30729.4926
       4.0 Client Profile
       4.0 Full Profile

[9/11/2026 7:01:46 AM] Loading UI Settings
[9/11/2026 7:01:46 AM] Loaded UI Settings
[9/11/2026 7:01:46 AM] Starting script thread...
[9/11/2026 7:01:46 AM] Loading resources sequentially...
[9/11/2026 7:01:47 AM] Loading zones from ..\..\Server\maps\worldmap.fowm...
[9/11/2026 7:01:47 AM] Loaded maps and location data.
[9/11/2026 7:01:47 AM] Found 1106 PIDs in ITEMPID.H
[9/11/2026 7:01:47 AM] Loading param defines.
[9/11/2026 7:01:47 AM] Loading graphics\worldmap.png
[9/11/2026 7:01:47 AM] Loading ITEMPID.H
[9/11/2026 7:01:47 AM] Loaded game data.
[9/11/2026 7:01:47 AM] Clearing controls
[9/11/2026 7:01:47 AM] Main form loaded.
[9/11/2026 7:25:58 AM] Launching QuitPrompt()
[9/11/2026 7:25:58 AM] Saving UI Settings
[9/11/2026 7:25:58 AM] Saved UI Settings
